// Jest Snapshot v1, https://goo.gl/fbAQLP

exports[`<BalanceChart /> BalanceChart test 1`] = `
<View
  className="VictoryContainer"
  onMoveShouldSetResponder={[Function]}
  onMoveShouldSetResponderCapture={[Function]}
  onResponderEnd={[Function]}
  onResponderGrant={[Function]}
  onResponderMove={[Function]}
  onResponderReject={[Function]}
  onResponderRelease={[Function]}
  onResponderStart={[Function]}
  onResponderTerminate={[Function]}
  onResponderTerminationRequest={[Function]}
  onStartShouldSetResponder={[Function]}
  onStartShouldSetResponderCapture={[Function]}
  pointerEvents="box-none"
  style={
    {
      "position": "relative",
    }
  }
>
  <RNSVGSvgView
    align="xMidYMid"
    bbHeight="220"
    bbWidth="350"
    focusable={false}
    height={220}
    meetOrSlice={0}
    minX={0}
    minY={0}
    role="img"
    style={
      [
        {
          "backgroundColor": "transparent",
          "borderWidth": 0,
        },
        {
          "height": "100%",
          "width": "100%",
        },
        {
          "flex": 0,
          "height": 220,
          "width": 350,
        },
      ]
    }
    vbHeight={220}
    vbWidth={350}
    width={350}
  >
    <RNSVGGroup>
      <RNSVGRect
        fill={null}
        height="220"
        propList={
          [
            "fill",
          ]
        }
        width="350"
        x="0"
        y="0"
      />
      <RNSVGGroup
        clipPath="victory-clip-2"
      >
        <RNSVGGroup>
          <RNSVGDefs>
            <RNSVGClipPath
              name="victory-clip-2"
            >
              <RNSVGRect
                height="120"
                vectorEffect={1}
                width="250"
                x="50"
                y="50"
              />
            </RNSVGClipPath>
          </RNSVGDefs>
        </RNSVGGroup>
        <RNSVGPath
          d="M50,279.0909090909091L88.88888888888889,279.0909090909091L88.88888888888889,315.4545454545454L136.11111111111111,315.4545454545454L136.11111111111111,97.27272727272728L175,97.27272727272728L175,133.63636363636365L222.2222222222222,133.63636363636365L222.2222222222222,60.909090909090914L261.11111111111114,60.909090909090914L261.11111111111114,97.27272727272728"
          fill={
            {
              "payload": 0,
              "type": 0,
            }
          }
          propList={
            [
              "fill",
              "stroke",
              "strokeWidth",
            ]
          }
          stroke={
            {
              "payload": 4278212019,
              "type": 0,
            }
          }
          strokeWidth="2"
        />
      </RNSVGGroup>
      <RNSVGGroup>
        <RNSVGLine
          fill={
            {
              "payload": 0,
              "type": 0,
            }
          }
          propList={
            [
              "fill",
              "stroke",
              "strokeWidth",
              "strokeLinecap",
              "strokeLinejoin",
            ]
          }
          stroke={
            {
              "payload": 4286611584,
              "type": 0,
            }
          }
          strokeLinecap={1}
          strokeLinejoin={1}
          strokeWidth="1"
          vectorEffect={1}
          x1="50"
          x2="300"
          y1="170"
          y2="170"
        />
        <RNSVGGroup>
          <RNSVGLine
            fill={null}
            propList={
              [
                "fill",
                "stroke",
              ]
            }
            stroke={
              {
                "payload": 4286611584,
                "type": 0,
              }
            }
            vectorEffect={1}
            x1="222.2222222222222"
            x2="222.2222222222222"
            y1="170"
            y2="50"
          />
          <RNSVGText
            content={null}
            dx={
              [
                "0",
              ]
            }
            dy={[]}
            font={{}}
            name="chart-axis-1-tickLabels-0"
            rotate={[]}
            x={
              [
                "222.2222222222222",
              ]
            }
            y={
              [
                "191.26",
              ]
            }
          >
            <RNSVGTSpan
              content="2/23"
              dx={
                [
                  "0",
                ]
              }
              dy={
                [
                  "0",
                ]
              }
              fill={
                {
                  "payload": 4278190080,
                  "type": 0,
                }
              }
              font={
                {
                  "fontFamily": "Gill Sans",
                  "fontSize": "12",
                  "letterSpacing": "normal",
                  "textAnchor": "middle",
                }
              }
              propList={
                [
                  "fill",
                ]
              }
              rotate={[]}
              x={
                [
                  "222.2222222222222",
                ]
              }
              y={[]}
            />
          </RNSVGText>
        </RNSVGGroup>
        <RNSVGGroup>
          <RNSVGLine
            fill={null}
            propList={
              [
                "fill",
                "stroke",
              ]
            }
            stroke={
              {
                "payload": 4286611584,
                "type": 0,
              }
            }
            vectorEffect={1}
            x1="222.2222222222222"
            x2="222.2222222222222"
            y1="170"
            y2="50"
          />
          <RNSVGText
            content={null}
            dx={
              [
                "0",
              ]
            }
            dy={[]}
            font={{}}
            name="chart-axis-1-tickLabels-1"
            rotate={[]}
            x={
              [
                "222.2222222222222",
              ]
            }
            y={
              [
                "191.26",
              ]
            }
          >
            <RNSVGTSpan
              content="2/23"
              dx={
                [
                  "0",
                ]
              }
              dy={
                [
                  "0",
                ]
              }
              fill={
                {
                  "payload": 4278190080,
                  "type": 0,
                }
              }
              font={
                {
                  "fontFamily": "Gill Sans",
                  "fontSize": "12",
                  "letterSpacing": "normal",
                  "textAnchor": "middle",
                }
              }
              propList={
                [
                  "fill",
                ]
              }
              rotate={[]}
              x={
                [
                  "222.2222222222222",
                ]
              }
              y={[]}
            />
          </RNSVGText>
        </RNSVGGroup>
        <RNSVGGroup>
          <RNSVGLine
            fill={null}
            propList={
              [
                "fill",
                "stroke",
              ]
            }
            stroke={
              {
                "payload": 4286611584,
                "type": 0,
              }
            }
            vectorEffect={1}
            x1="136.11111111111111"
            x2="136.11111111111111"
            y1="170"
            y2="50"
          />
          <RNSVGText
            content={null}
            dx={
              [
                "0",
              ]
            }
            dy={[]}
            font={{}}
            name="chart-axis-1-tickLabels-2"
            rotate={[]}
            x={
              [
                "136.11111111111111",
              ]
            }
            y={
              [
                "191.26",
              ]
            }
          >
            <RNSVGTSpan
              content="1/23"
              dx={
                [
                  "0",
                ]
              }
              dy={
                [
                  "0",
                ]
              }
              fill={
                {
                  "payload": 4278190080,
                  "type": 0,
                }
              }
              font={
                {
                  "fontFamily": "Gill Sans",
                  "fontSize": "12",
                  "letterSpacing": "normal",
                  "textAnchor": "middle",
                }
              }
              propList={
                [
                  "fill",
                ]
              }
              rotate={[]}
              x={
                [
                  "136.11111111111111",
                ]
              }
              y={[]}
            />
          </RNSVGText>
        </RNSVGGroup>
        <RNSVGGroup>
          <RNSVGLine
            fill={null}
            propList={
              [
                "fill",
                "stroke",
              ]
            }
            stroke={
              {
                "payload": 4286611584,
                "type": 0,
              }
            }
            vectorEffect={1}
            x1="136.11111111111111"
            x2="136.11111111111111"
            y1="170"
            y2="50"
          />
          <RNSVGText
            content={null}
            dx={
              [
                "0",
              ]
            }
            dy={[]}
            font={{}}
            name="chart-axis-1-tickLabels-3"
            rotate={[]}
            x={
              [
                "136.11111111111111",
              ]
            }
            y={
              [
                "191.26",
              ]
            }
          >
            <RNSVGTSpan
              content="1/23"
              dx={
                [
                  "0",
                ]
              }
              dy={
                [
                  "0",
                ]
              }
              fill={
                {
                  "payload": 4278190080,
                  "type": 0,
                }
              }
              font={
                {
                  "fontFamily": "Gill Sans",
                  "fontSize": "12",
                  "letterSpacing": "normal",
                  "textAnchor": "middle",
                }
              }
              propList={
                [
                  "fill",
                ]
              }
              rotate={[]}
              x={
                [
                  "136.11111111111111",
                ]
              }
              y={[]}
            />
          </RNSVGText>
        </RNSVGGroup>
        <RNSVGGroup>
          <RNSVGLine
            fill={null}
            propList={
              [
                "fill",
                "stroke",
              ]
            }
            stroke={
              {
                "payload": 4286611584,
                "type": 0,
              }
            }
            vectorEffect={1}
            x1="50"
            x2="50"
            y1="170"
            y2="50"
          />
          <RNSVGText
            content={null}
            dx={
              [
                "0",
              ]
            }
            dy={[]}
            font={{}}
            name="chart-axis-1-tickLabels-4"
            rotate={[]}
            x={
              [
                "50",
              ]
            }
            y={
              [
                "191.26",
              ]
            }
          >
            <RNSVGTSpan
              content="12/22"
              dx={
                [
                  "0",
                ]
              }
              dy={
                [
                  "0",
                ]
              }
              fill={
                {
                  "payload": 4278190080,
                  "type": 0,
                }
              }
              font={
                {
                  "fontFamily": "Gill Sans",
                  "fontSize": "12",
                  "letterSpacing": "normal",
                  "textAnchor": "middle",
                }
              }
              propList={
                [
                  "fill",
                ]
              }
              rotate={[]}
              x={
                [
                  "50",
                ]
              }
              y={[]}
            />
          </RNSVGText>
        </RNSVGGroup>
        <RNSVGGroup>
          <RNSVGLine
            fill={null}
            propList={
              [
                "fill",
                "stroke",
              ]
            }
            stroke={
              {
                "payload": 4286611584,
                "type": 0,
              }
            }
            vectorEffect={1}
            x1="50"
            x2="50"
            y1="170"
            y2="50"
          />
          <RNSVGText
            content={null}
            dx={
              [
                "0",
              ]
            }
            dy={[]}
            font={{}}
            name="chart-axis-1-tickLabels-5"
            rotate={[]}
            x={
              [
                "50",
              ]
            }
            y={
              [
                "191.26",
              ]
            }
          >
            <RNSVGTSpan
              content="12/22"
              dx={
                [
                  "0",
                ]
              }
              dy={
                [
                  "0",
                ]
              }
              fill={
                {
                  "payload": 4278190080,
                  "type": 0,
                }
              }
              font={
                {
                  "fontFamily": "Gill Sans",
                  "fontSize": "12",
                  "letterSpacing": "normal",
                  "textAnchor": "middle",
                }
              }
              propList={
                [
                  "fill",
                ]
              }
              rotate={[]}
              x={
                [
                  "50",
                ]
              }
              y={[]}
            />
          </RNSVGText>
        </RNSVGGroup>
        <RNSVGGroup>
          <RNSVGLine
            fill={null}
            propList={
              [
                "fill",
                "stroke",
              ]
            }
            stroke={
              {
                "payload": 4286611584,
                "type": 0,
              }
            }
            vectorEffect={1}
            x1="300"
            x2="300"
            y1="170"
            y2="50"
          />
          <RNSVGText
            content={null}
            dx={
              [
                "0",
              ]
            }
            dy={[]}
            font={{}}
            name="chart-axis-1-tickLabels-6"
            rotate={[]}
            x={
              [
                "300",
              ]
            }
            y={
              [
                "191.26",
              ]
            }
          >
            <RNSVGTSpan
              content="3/23"
              dx={
                [
                  "0",
                ]
              }
              dy={
                [
                  "0",
                ]
              }
              fill={
                {
                  "payload": 4278190080,
                  "type": 0,
                }
              }
              font={
                {
                  "fontFamily": "Gill Sans",
                  "fontSize": "12",
                  "letterSpacing": "normal",
                  "textAnchor": "middle",
                }
              }
              propList={
                [
                  "fill",
                ]
              }
              rotate={[]}
              x={
                [
                  "300",
                ]
              }
              y={[]}
            />
          </RNSVGText>
        </RNSVGGroup>
        <RNSVGGroup>
          <RNSVGLine
            fill={null}
            propList={
              [
                "fill",
                "stroke",
              ]
            }
            stroke={
              {
                "payload": 4286611584,
                "type": 0,
              }
            }
            vectorEffect={1}
            x1="300"
            x2="300"
            y1="170"
            y2="50"
          />
          <RNSVGText
            content={null}
            dx={
              [
                "0",
              ]
            }
            dy={[]}
            font={{}}
            name="chart-axis-1-tickLabels-7"
            rotate={[]}
            x={
              [
                "300",
              ]
            }
            y={
              [
                "191.26",
              ]
            }
          >
            <RNSVGTSpan
              content="3/23"
              dx={
                [
                  "0",
                ]
              }
              dy={
                [
                  "0",
                ]
              }
              fill={
                {
                  "payload": 4278190080,
                  "type": 0,
                }
              }
              font={
                {
                  "fontFamily": "Gill Sans",
                  "fontSize": "12",
                  "letterSpacing": "normal",
                  "textAnchor": "middle",
                }
              }
              propList={
                [
                  "fill",
                ]
              }
              rotate={[]}
              x={
                [
                  "300",
                ]
              }
              y={[]}
            />
          </RNSVGText>
        </RNSVGGroup>
        <RNSVGGroup>
          <RNSVGLine
            fill={null}
            propList={
              [
                "fill",
                "stroke",
              ]
            }
            stroke={
              {
                "payload": 4286611584,
                "type": 0,
              }
            }
            vectorEffect={1}
            x1="222.2222222222222"
            x2="222.2222222222222"
            y1="170"
            y2="50"
          />
          <RNSVGText
            content={null}
            dx={
              [
                "0",
              ]
            }
            dy={[]}
            font={{}}
            name="chart-axis-1-tickLabels-8"
            rotate={[]}
            x={
              [
                "222.2222222222222",
              ]
            }
            y={
              [
                "191.26",
              ]
            }
          >
            <RNSVGTSpan
              content="2/23"
              dx={
                [
                  "0",
                ]
              }
              dy={
                [
                  "0",
                ]
              }
              fill={
                {
                  "payload": 4278190080,
                  "type": 0,
                }
              }
              font={
                {
                  "fontFamily": "Gill Sans",
                  "fontSize": "12",
                  "letterSpacing": "normal",
                  "textAnchor": "middle",
                }
              }
              propList={
                [
                  "fill",
                ]
              }
              rotate={[]}
              x={
                [
                  "222.2222222222222",
                ]
              }
              y={[]}
            />
          </RNSVGText>
        </RNSVGGroup>
        <RNSVGGroup>
          <RNSVGLine
            fill={null}
            propList={
              [
                "fill",
                "stroke",
              ]
            }
            stroke={
              {
                "payload": 4286611584,
                "type": 0,
              }
            }
            vectorEffect={1}
            x1="222.2222222222222"
            x2="222.2222222222222"
            y1="170"
            y2="50"
          />
          <RNSVGText
            content={null}
            dx={
              [
                "0",
              ]
            }
            dy={[]}
            font={{}}
            name="chart-axis-1-tickLabels-9"
            rotate={[]}
            x={
              [
                "222.2222222222222",
              ]
            }
            y={
              [
                "191.26",
              ]
            }
          >
            <RNSVGTSpan
              content="2/23"
              dx={
                [
                  "0",
                ]
              }
              dy={
                [
                  "0",
                ]
              }
              fill={
                {
                  "payload": 4278190080,
                  "type": 0,
                }
              }
              font={
                {
                  "fontFamily": "Gill Sans",
                  "fontSize": "12",
                  "letterSpacing": "normal",
                  "textAnchor": "middle",
                }
              }
              propList={
                [
                  "fill",
                ]
              }
              rotate={[]}
              x={
                [
                  "222.2222222222222",
                ]
              }
              y={[]}
            />
          </RNSVGText>
        </RNSVGGroup>
        <RNSVGGroup>
          <RNSVGLine
            fill={null}
            propList={
              [
                "fill",
                "stroke",
              ]
            }
            stroke={
              {
                "payload": 4286611584,
                "type": 0,
              }
            }
            vectorEffect={1}
            x1="136.11111111111111"
            x2="136.11111111111111"
            y1="170"
            y2="50"
          />
          <RNSVGText
            content={null}
            dx={
              [
                "0",
              ]
            }
            dy={[]}
            font={{}}
            name="chart-axis-1-tickLabels-10"
            rotate={[]}
            x={
              [
                "136.11111111111111",
              ]
            }
            y={
              [
                "191.26",
              ]
            }
          >
            <RNSVGTSpan
              content="1/23"
              dx={
                [
                  "0",
                ]
              }
              dy={
                [
                  "0",
                ]
              }
              fill={
                {
                  "payload": 4278190080,
                  "type": 0,
                }
              }
              font={
                {
                  "fontFamily": "Gill Sans",
                  "fontSize": "12",
                  "letterSpacing": "normal",
                  "textAnchor": "middle",
                }
              }
              propList={
                [
                  "fill",
                ]
              }
              rotate={[]}
              x={
                [
                  "136.11111111111111",
                ]
              }
              y={[]}
            />
          </RNSVGText>
        </RNSVGGroup>
        <RNSVGGroup>
          <RNSVGLine
            fill={null}
            propList={
              [
                "fill",
                "stroke",
              ]
            }
            stroke={
              {
                "payload": 4286611584,
                "type": 0,
              }
            }
            vectorEffect={1}
            x1="136.11111111111111"
            x2="136.11111111111111"
            y1="170"
            y2="50"
          />
          <RNSVGText
            content={null}
            dx={
              [
                "0",
              ]
            }
            dy={[]}
            font={{}}
            name="chart-axis-1-tickLabels-11"
            rotate={[]}
            x={
              [
                "136.11111111111111",
              ]
            }
            y={
              [
                "191.26",
              ]
            }
          >
            <RNSVGTSpan
              content="1/23"
              dx={
                [
                  "0",
                ]
              }
              dy={
                [
                  "0",
                ]
              }
              fill={
                {
                  "payload": 4278190080,
                  "type": 0,
                }
              }
              font={
                {
                  "fontFamily": "Gill Sans",
                  "fontSize": "12",
                  "letterSpacing": "normal",
                  "textAnchor": "middle",
                }
              }
              propList={
                [
                  "fill",
                ]
              }
              rotate={[]}
              x={
                [
                  "136.11111111111111",
                ]
              }
              y={[]}
            />
          </RNSVGText>
        </RNSVGGroup>
      </RNSVGGroup>
      <RNSVGGroup>
        <RNSVGLine
          fill={
            {
              "payload": 0,
              "type": 0,
            }
          }
          propList={
            [
              "fill",
              "stroke",
              "strokeWidth",
              "strokeLinecap",
              "strokeLinejoin",
            ]
          }
          stroke={
            {
              "payload": 4286611584,
              "type": 0,
            }
          }
          strokeLinecap={1}
          strokeLinejoin={1}
          strokeWidth="1"
          vectorEffect={1}
          x1="50"
          x2="50"
          y1="50"
          y2="170"
        />
        <RNSVGGroup>
          <RNSVGLine
            fill={null}
            propList={
              [
                "fill",
                "stroke",
                "strokeDasharray",
              ]
            }
            stroke={
              {
                "payload": 4286611584,
                "type": 0,
              }
            }
            strokeDasharray={
              [
                "2",
                "5",
              ]
            }
            vectorEffect={1}
            x1="50"
            x2="300"
            y1="133.63636363636365"
            y2="133.63636363636365"
          />
          <RNSVGText
            content={null}
            dx={
              [
                "0",
              ]
            }
            dy={[]}
            font={{}}
            name="chart-axis-2-tickLabels-0"
            rotate={[]}
            x={
              [
                "39",
              ]
            }
            y={
              [
                "138.60636363636365",
              ]
            }
          >
            <RNSVGTSpan
              content="£50"
              dx={
                [
                  "0",
                ]
              }
              dy={
                [
                  "0",
                ]
              }
              fill={
                {
                  "payload": 4278190080,
                  "type": 0,
                }
              }
              font={
                {
                  "fontFamily": "Gill Sans",
                  "fontSize": "14",
                  "letterSpacing": "normal",
                  "textAnchor": "end",
                }
              }
              propList={
                [
                  "fill",
                ]
              }
              rotate={[]}
              x={
                [
                  "39",
                ]
              }
              y={[]}
            />
          </RNSVGText>
        </RNSVGGroup>
        <RNSVGGroup>
          <RNSVGLine
            fill={null}
            propList={
              [
                "fill",
                "stroke",
                "strokeDasharray",
              ]
            }
            stroke={
              {
                "payload": 4286611584,
                "type": 0,
              }
            }
            strokeDasharray={
              [
                "2",
                "5",
              ]
            }
            vectorEffect={1}
            x1="50"
            x2="300"
            y1="97.27272727272728"
            y2="97.27272727272728"
          />
          <RNSVGText
            content={null}
            dx={
              [
                "0",
              ]
            }
            dy={[]}
            font={{}}
            name="chart-axis-2-tickLabels-1"
            rotate={[]}
            x={
              [
                "39",
              ]
            }
            y={
              [
                "102.24272727272728",
              ]
            }
          >
            <RNSVGTSpan
              content="£100"
              dx={
                [
                  "0",
                ]
              }
              dy={
                [
                  "0",
                ]
              }
              fill={
                {
                  "payload": 4278190080,
                  "type": 0,
                }
              }
              font={
                {
                  "fontFamily": "Gill Sans",
                  "fontSize": "14",
                  "letterSpacing": "normal",
                  "textAnchor": "end",
                }
              }
              propList={
                [
                  "fill",
                ]
              }
              rotate={[]}
              x={
                [
                  "39",
                ]
              }
              y={[]}
            />
          </RNSVGText>
        </RNSVGGroup>
        <RNSVGGroup>
          <RNSVGLine
            fill={null}
            propList={
              [
                "fill",
                "stroke",
                "strokeDasharray",
              ]
            }
            stroke={
              {
                "payload": 4286611584,
                "type": 0,
              }
            }
            strokeDasharray={
              [
                "2",
                "5",
              ]
            }
            vectorEffect={1}
            x1="50"
            x2="300"
            y1="60.909090909090914"
            y2="60.909090909090914"
          />
          <RNSVGText
            content={null}
            dx={
              [
                "0",
              ]
            }
            dy={[]}
            font={{}}
            name="chart-axis-2-tickLabels-2"
            rotate={[]}
            x={
              [
                "39",
              ]
            }
            y={
              [
                "65.87909090909092",
              ]
            }
          >
            <RNSVGTSpan
              content="£150"
              dx={
                [
                  "0",
                ]
              }
              dy={
                [
                  "0",
                ]
              }
              fill={
                {
                  "payload": 4278190080,
                  "type": 0,
                }
              }
              font={
                {
                  "fontFamily": "Gill Sans",
                  "fontSize": "14",
                  "letterSpacing": "normal",
                  "textAnchor": "end",
                }
              }
              propList={
                [
                  "fill",
                ]
              }
              rotate={[]}
              x={
                [
                  "39",
                ]
              }
              y={[]}
            />
          </RNSVGText>
        </RNSVGGroup>
      </RNSVGGroup>
      <View
        pointerEvents="box-none"
        style={
          {
            "left": 0,
            "position": "absolute",
            "top": 0,
            "zIndex": 99,
          }
        }
      >
        <RNSVGSvgView
          align="xMidYMid"
          bbHeight="220"
          bbWidth="350"
          focusable={false}
          height={220}
          meetOrSlice={0}
          minX={0}
          minY={0}
          style={
            [
              {
                "backgroundColor": "transparent",
                "borderWidth": 0,
              },
              {
                "height": "100%",
                "overflow": "visible",
                "width": "100%",
              },
              {
                "flex": 0,
                "height": 220,
                "width": 350,
              },
            ]
          }
          vbHeight={220}
          vbWidth={350}
          width={350}
        >
          <RNSVGGroup />
        </RNSVGSvgView>
      </View>
    </RNSVGGroup>
  </RNSVGSvgView>
</View>
`;
