// Jest Snapshot v1, https://goo.gl/fbAQLP

exports[`<BankBarChart /> 2 snapshot test 1`] = `
<View
  style={{}}
>
  <RNSVGSvgView
    bbHeight="200"
    bbWidth="600"
    focusable={false}
    height={200}
    style={
      [
        {
          "backgroundColor": "transparent",
          "borderWidth": 0,
        },
        {
          "flex": 0,
          "height": 200,
          "width": 600,
        },
      ]
    }
    width={600}
  >
    <RNSVGGroup>
      <RNSVGDefs>
        <RNSVGLinearGradient
          gradient={
            [
              0,
              16777215,
              1,
              -2130706433,
            ]
          }
          gradientTransform={null}
          gradientUnits={1}
          name="backgroundGradient"
          x1="0"
          x2="600"
          y1="200"
          y2="0"
        />
        <RNSVGLinearGradient
          gradient={
            [
              0,
              452919296,
              1,
              452919296,
            ]
          }
          gradientTransform={null}
          gradientUnits={1}
          name="fillShadowGradientFrom"
          x1="0"
          x2="0"
          y1="0"
          y2="200"
        />
      </RNSVGDefs>
      <RNSVGDefs />
      <RNSVGRect
        fill={
          {
            "brushRef": "backgroundGradient",
            "type": 1,
          }
        }
        height="200"
        propList={
          [
            "fill",
          ]
        }
        rx="0"
        ry="0"
        width="100%"
        x="0"
        y="0"
      />
      <RNSVGGroup>
        <RNSVGLine
          propList={
            [
              "stroke",
              "strokeWidth",
              "strokeDasharray",
            ]
          }
          stroke={
            {
              "payload": 872349696,
              "type": 0,
            }
          }
          strokeDasharray={
            [
              "5",
              "10",
            ]
          }
          strokeWidth="1"
          x1="0"
          x2="600"
          y1="16"
          y2="16"
        />
        <RNSVGLine
          propList={
            [
              "stroke",
              "strokeWidth",
              "strokeDasharray",
            ]
          }
          stroke={
            {
              "payload": 872349696,
              "type": 0,
            }
          }
          strokeDasharray={
            [
              "5",
              "10",
            ]
          }
          strokeWidth="1"
          x1="0"
          x2="600"
          y1="53.5"
          y2="53.5"
        />
        <RNSVGLine
          propList={
            [
              "stroke",
              "strokeWidth",
              "strokeDasharray",
            ]
          }
          stroke={
            {
              "payload": 872349696,
              "type": 0,
            }
          }
          strokeDasharray={
            [
              "5",
              "10",
            ]
          }
          strokeWidth="1"
          x1="0"
          x2="600"
          y1="91"
          y2="91"
        />
        <RNSVGLine
          propList={
            [
              "stroke",
              "strokeWidth",
              "strokeDasharray",
            ]
          }
          stroke={
            {
              "payload": 872349696,
              "type": 0,
            }
          }
          strokeDasharray={
            [
              "5",
              "10",
            ]
          }
          strokeWidth="1"
          x1="0"
          x2="600"
          y1="128.5"
          y2="128.5"
        />
        <RNSVGLine
          propList={
            [
              "stroke",
              "strokeWidth",
              "strokeDasharray",
            ]
          }
          stroke={
            {
              "payload": 872349696,
              "type": 0,
            }
          }
          strokeDasharray={
            [
              "5",
              "10",
            ]
          }
          strokeWidth="1"
          x1="0"
          x2="600"
          y1="166"
          y2="166"
        />
      </RNSVGGroup>
      <RNSVGGroup>
        <RNSVGText
          content={null}
          dx={[]}
          dy={[]}
          fill={
            {
              "payload": 4278190080,
              "type": 0,
            }
          }
          font={
            {
              "fontSize": "12",
              "textAnchor": "end",
            }
          }
          matrix={
            [
              1,
              0,
              -0,
              1,
              0,
              0,
            ]
          }
          propList={
            [
              "fill",
            ]
          }
          rotate={[]}
          x={
            [
              "52",
            ]
          }
          y={
            [
              "166",
            ]
          }
        >
          <RNSVGTSpan
            content="£0.00"
            dx={[]}
            dy={[]}
            font={{}}
            rotate={[]}
            x={[]}
            y={[]}
          />
        </RNSVGText>
        <RNSVGText
          content={null}
          dx={[]}
          dy={[]}
          fill={
            {
              "payload": 4278190080,
              "type": 0,
            }
          }
          font={
            {
              "fontSize": "12",
              "textAnchor": "end",
            }
          }
          matrix={
            [
              1,
              0,
              -0,
              1,
              0,
              0,
            ]
          }
          propList={
            [
              "fill",
            ]
          }
          rotate={[]}
          x={
            [
              "52",
            ]
          }
          y={
            [
              "128.5",
            ]
          }
        >
          <RNSVGTSpan
            content="£62.50"
            dx={[]}
            dy={[]}
            font={{}}
            rotate={[]}
            x={[]}
            y={[]}
          />
        </RNSVGText>
        <RNSVGText
          content={null}
          dx={[]}
          dy={[]}
          fill={
            {
              "payload": 4278190080,
              "type": 0,
            }
          }
          font={
            {
              "fontSize": "12",
              "textAnchor": "end",
            }
          }
          matrix={
            [
              1,
              0,
              -0,
              1,
              0,
              0,
            ]
          }
          propList={
            [
              "fill",
            ]
          }
          rotate={[]}
          x={
            [
              "52",
            ]
          }
          y={
            [
              "91",
            ]
          }
        >
          <RNSVGTSpan
            content="£125.00"
            dx={[]}
            dy={[]}
            font={{}}
            rotate={[]}
            x={[]}
            y={[]}
          />
        </RNSVGText>
        <RNSVGText
          content={null}
          dx={[]}
          dy={[]}
          fill={
            {
              "payload": 4278190080,
              "type": 0,
            }
          }
          font={
            {
              "fontSize": "12",
              "textAnchor": "end",
            }
          }
          matrix={
            [
              1,
              0,
              -0,
              1,
              0,
              0,
            ]
          }
          propList={
            [
              "fill",
            ]
          }
          rotate={[]}
          x={
            [
              "52",
            ]
          }
          y={
            [
              "53.5",
            ]
          }
        >
          <RNSVGTSpan
            content="£187.50"
            dx={[]}
            dy={[]}
            font={{}}
            rotate={[]}
            x={[]}
            y={[]}
          />
        </RNSVGText>
        <RNSVGText
          content={null}
          dx={[]}
          dy={[]}
          fill={
            {
              "payload": 4278190080,
              "type": 0,
            }
          }
          font={
            {
              "fontSize": "12",
              "textAnchor": "end",
            }
          }
          matrix={
            [
              1,
              0,
              -0,
              1,
              0,
              0,
            ]
          }
          propList={
            [
              "fill",
            ]
          }
          rotate={[]}
          x={
            [
              "52",
            ]
          }
          y={
            [
              "16",
            ]
          }
        >
          <RNSVGTSpan
            content="£250.00"
            dx={[]}
            dy={[]}
            font={{}}
            rotate={[]}
            x={[]}
            y={[]}
          />
        </RNSVGText>
      </RNSVGGroup>
      <RNSVGGroup>
        <RNSVGText
          content={null}
          dx={[]}
          dy={[]}
          fill={
            {
              "payload": 4278190080,
              "type": 0,
            }
          }
          font={
            {
              "fontSize": "12",
              "textAnchor": "middle",
            }
          }
          matrix={
            [
              1,
              0,
              -0,
              1,
              0,
              0,
            ]
          }
          propList={
            [
              "fill",
            ]
          }
          rotate={[]}
          x={
            [
              "80",
            ]
          }
          y={
            [
              "190",
            ]
          }
        >
          <RNSVGTSpan
            content="December"
            dx={[]}
            dy={[]}
            font={{}}
            rotate={[]}
            x={[]}
            y={[]}
          />
        </RNSVGText>
        <RNSVGText
          content={null}
          dx={[]}
          dy={[]}
          fill={
            {
              "payload": 4278190080,
              "type": 0,
            }
          }
          font={
            {
              "fontSize": "12",
              "textAnchor": "middle",
            }
          }
          matrix={
            [
              1,
              0,
              -0,
              1,
              0,
              0,
            ]
          }
          propList={
            [
              "fill",
            ]
          }
          rotate={[]}
          x={
            [
              "258.66666666666663",
            ]
          }
          y={
            [
              "190",
            ]
          }
        >
          <RNSVGTSpan
            content="January"
            dx={[]}
            dy={[]}
            font={{}}
            rotate={[]}
            x={[]}
            y={[]}
          />
        </RNSVGText>
        <RNSVGText
          content={null}
          dx={[]}
          dy={[]}
          fill={
            {
              "payload": 4278190080,
              "type": 0,
            }
          }
          font={
            {
              "fontSize": "12",
              "textAnchor": "middle",
            }
          }
          matrix={
            [
              1,
              0,
              -0,
              1,
              0,
              0,
            ]
          }
          propList={
            [
              "fill",
            ]
          }
          rotate={[]}
          x={
            [
              "437.3333333333333",
            ]
          }
          y={
            [
              "190",
            ]
          }
        >
          <RNSVGTSpan
            content="February"
            dx={[]}
            dy={[]}
            font={{}}
            rotate={[]}
            x={[]}
            y={[]}
          />
        </RNSVGText>
      </RNSVGGroup>
      <RNSVGGroup>
        <RNSVGRect
          fill={
            {
              "brushRef": "fillShadowGradientFrom",
              "type": 1,
            }
          }
          height="30"
          propList={
            [
              "fill",
            ]
          }
          rx="0"
          width="16"
          x="72"
          y="136"
        />
        <RNSVGRect
          fill={
            {
              "brushRef": "fillShadowGradientFrom",
              "type": 1,
            }
          }
          height="150"
          propList={
            [
              "fill",
            ]
          }
          rx="0"
          width="16"
          x="250.66666666666666"
          y="16"
        />
        <RNSVGRect
          fill={
            {
              "brushRef": "fillShadowGradientFrom",
              "type": 1,
            }
          }
          height="30"
          propList={
            [
              "fill",
            ]
          }
          rx="0"
          width="16"
          x="429.3333333333333"
          y="136"
        />
      </RNSVGGroup>
      <RNSVGGroup />
      <RNSVGGroup>
        <RNSVGRect
          fill={
            {
              "payload": 2583625728,
              "type": 0,
            }
          }
          height="2"
          propList={
            [
              "fill",
            ]
          }
          width="16"
          x="72"
          y="136"
        />
        <RNSVGRect
          fill={
            {
              "payload": 2583625728,
              "type": 0,
            }
          }
          height="2"
          propList={
            [
              "fill",
            ]
          }
          width="16"
          x="250.66666666666666"
          y="16"
        />
        <RNSVGRect
          fill={
            {
              "payload": 2583625728,
              "type": 0,
            }
          }
          height="2"
          propList={
            [
              "fill",
            ]
          }
          width="16"
          x="429.3333333333333"
          y="136"
        />
      </RNSVGGroup>
    </RNSVGGroup>
  </RNSVGSvgView>
</View>
`;

exports[`<BankBarChart /> 3 snapshot test 1`] = `
<View
  style={{}}
>
  <RNSVGSvgView
    bbHeight="200"
    bbWidth="600"
    focusable={false}
    height={200}
    style={
      [
        {
          "backgroundColor": "transparent",
          "borderWidth": 0,
        },
        {
          "flex": 0,
          "height": 200,
          "width": 600,
        },
      ]
    }
    width={600}
  >
    <RNSVGGroup>
      <RNSVGDefs>
        <RNSVGLinearGradient
          gradient={
            [
              0,
              16777215,
              1,
              -2130706433,
            ]
          }
          gradientTransform={null}
          gradientUnits={1}
          name="backgroundGradient"
          x1="0"
          x2="600"
          y1="200"
          y2="0"
        />
        <RNSVGLinearGradient
          gradient={
            [
              0,
              436638415,
              1,
              436638415,
            ]
          }
          gradientTransform={null}
          gradientUnits={1}
          name="fillShadowGradientFrom"
          x1="0"
          x2="0"
          y1="0"
          y2="200"
        />
      </RNSVGDefs>
      <RNSVGDefs />
      <RNSVGRect
        fill={
          {
            "brushRef": "backgroundGradient",
            "type": 1,
          }
        }
        height="200"
        propList={
          [
            "fill",
          ]
        }
        rx="0"
        ry="0"
        width="100%"
        x="0"
        y="0"
      />
      <RNSVGGroup>
        <RNSVGLine
          propList={
            [
              "stroke",
              "strokeWidth",
              "strokeDasharray",
            ]
          }
          stroke={
            {
              "payload": 856068815,
              "type": 0,
            }
          }
          strokeDasharray={
            [
              "5",
              "10",
            ]
          }
          strokeWidth="1"
          x1="0"
          x2="600"
          y1="16"
          y2="16"
        />
        <RNSVGLine
          propList={
            [
              "stroke",
              "strokeWidth",
              "strokeDasharray",
            ]
          }
          stroke={
            {
              "payload": 856068815,
              "type": 0,
            }
          }
          strokeDasharray={
            [
              "5",
              "10",
            ]
          }
          strokeWidth="1"
          x1="0"
          x2="600"
          y1="53.5"
          y2="53.5"
        />
        <RNSVGLine
          propList={
            [
              "stroke",
              "strokeWidth",
              "strokeDasharray",
            ]
          }
          stroke={
            {
              "payload": 856068815,
              "type": 0,
            }
          }
          strokeDasharray={
            [
              "5",
              "10",
            ]
          }
          strokeWidth="1"
          x1="0"
          x2="600"
          y1="91"
          y2="91"
        />
        <RNSVGLine
          propList={
            [
              "stroke",
              "strokeWidth",
              "strokeDasharray",
            ]
          }
          stroke={
            {
              "payload": 856068815,
              "type": 0,
            }
          }
          strokeDasharray={
            [
              "5",
              "10",
            ]
          }
          strokeWidth="1"
          x1="0"
          x2="600"
          y1="128.5"
          y2="128.5"
        />
        <RNSVGLine
          propList={
            [
              "stroke",
              "strokeWidth",
              "strokeDasharray",
            ]
          }
          stroke={
            {
              "payload": 856068815,
              "type": 0,
            }
          }
          strokeDasharray={
            [
              "5",
              "10",
            ]
          }
          strokeWidth="1"
          x1="0"
          x2="600"
          y1="166"
          y2="166"
        />
      </RNSVGGroup>
      <RNSVGGroup>
        <RNSVGText
          content={null}
          dx={[]}
          dy={[]}
          fill={
            {
              "payload": 4278190080,
              "type": 0,
            }
          }
          font={
            {
              "fontSize": "12",
              "textAnchor": "end",
            }
          }
          matrix={
            [
              1,
              0,
              -0,
              1,
              0,
              0,
            ]
          }
          propList={
            [
              "fill",
            ]
          }
          rotate={[]}
          x={
            [
              "52",
            ]
          }
          y={
            [
              "166",
            ]
          }
        >
          <RNSVGTSpan
            content="£0.00"
            dx={[]}
            dy={[]}
            font={{}}
            rotate={[]}
            x={[]}
            y={[]}
          />
        </RNSVGText>
        <RNSVGText
          content={null}
          dx={[]}
          dy={[]}
          fill={
            {
              "payload": 4278190080,
              "type": 0,
            }
          }
          font={
            {
              "fontSize": "12",
              "textAnchor": "end",
            }
          }
          matrix={
            [
              1,
              0,
              -0,
              1,
              0,
              0,
            ]
          }
          propList={
            [
              "fill",
            ]
          }
          rotate={[]}
          x={
            [
              "52",
            ]
          }
          y={
            [
              "128.5",
            ]
          }
        >
          <RNSVGTSpan
            content="£62.50"
            dx={[]}
            dy={[]}
            font={{}}
            rotate={[]}
            x={[]}
            y={[]}
          />
        </RNSVGText>
        <RNSVGText
          content={null}
          dx={[]}
          dy={[]}
          fill={
            {
              "payload": 4278190080,
              "type": 0,
            }
          }
          font={
            {
              "fontSize": "12",
              "textAnchor": "end",
            }
          }
          matrix={
            [
              1,
              0,
              -0,
              1,
              0,
              0,
            ]
          }
          propList={
            [
              "fill",
            ]
          }
          rotate={[]}
          x={
            [
              "52",
            ]
          }
          y={
            [
              "91",
            ]
          }
        >
          <RNSVGTSpan
            content="£125.00"
            dx={[]}
            dy={[]}
            font={{}}
            rotate={[]}
            x={[]}
            y={[]}
          />
        </RNSVGText>
        <RNSVGText
          content={null}
          dx={[]}
          dy={[]}
          fill={
            {
              "payload": 4278190080,
              "type": 0,
            }
          }
          font={
            {
              "fontSize": "12",
              "textAnchor": "end",
            }
          }
          matrix={
            [
              1,
              0,
              -0,
              1,
              0,
              0,
            ]
          }
          propList={
            [
              "fill",
            ]
          }
          rotate={[]}
          x={
            [
              "52",
            ]
          }
          y={
            [
              "53.5",
            ]
          }
        >
          <RNSVGTSpan
            content="£187.50"
            dx={[]}
            dy={[]}
            font={{}}
            rotate={[]}
            x={[]}
            y={[]}
          />
        </RNSVGText>
        <RNSVGText
          content={null}
          dx={[]}
          dy={[]}
          fill={
            {
              "payload": 4278190080,
              "type": 0,
            }
          }
          font={
            {
              "fontSize": "12",
              "textAnchor": "end",
            }
          }
          matrix={
            [
              1,
              0,
              -0,
              1,
              0,
              0,
            ]
          }
          propList={
            [
              "fill",
            ]
          }
          rotate={[]}
          x={
            [
              "52",
            ]
          }
          y={
            [
              "16",
            ]
          }
        >
          <RNSVGTSpan
            content="£250.00"
            dx={[]}
            dy={[]}
            font={{}}
            rotate={[]}
            x={[]}
            y={[]}
          />
        </RNSVGText>
      </RNSVGGroup>
      <RNSVGGroup>
        <RNSVGText
          content={null}
          dx={[]}
          dy={[]}
          fill={
            {
              "payload": 4278190080,
              "type": 0,
            }
          }
          font={
            {
              "fontSize": "12",
              "textAnchor": "middle",
            }
          }
          matrix={
            [
              1,
              0,
              -0,
              1,
              0,
              0,
            ]
          }
          propList={
            [
              "fill",
            ]
          }
          rotate={[]}
          x={
            [
              "80",
            ]
          }
          y={
            [
              "190",
            ]
          }
        >
          <RNSVGTSpan
            content="December"
            dx={[]}
            dy={[]}
            font={{}}
            rotate={[]}
            x={[]}
            y={[]}
          />
        </RNSVGText>
        <RNSVGText
          content={null}
          dx={[]}
          dy={[]}
          fill={
            {
              "payload": 4278190080,
              "type": 0,
            }
          }
          font={
            {
              "fontSize": "12",
              "textAnchor": "middle",
            }
          }
          matrix={
            [
              1,
              0,
              -0,
              1,
              0,
              0,
            ]
          }
          propList={
            [
              "fill",
            ]
          }
          rotate={[]}
          x={
            [
              "258.66666666666663",
            ]
          }
          y={
            [
              "190",
            ]
          }
        >
          <RNSVGTSpan
            content="January"
            dx={[]}
            dy={[]}
            font={{}}
            rotate={[]}
            x={[]}
            y={[]}
          />
        </RNSVGText>
        <RNSVGText
          content={null}
          dx={[]}
          dy={[]}
          fill={
            {
              "payload": 4278190080,
              "type": 0,
            }
          }
          font={
            {
              "fontSize": "12",
              "textAnchor": "middle",
            }
          }
          matrix={
            [
              1,
              0,
              -0,
              1,
              0,
              0,
            ]
          }
          propList={
            [
              "fill",
            ]
          }
          rotate={[]}
          x={
            [
              "437.3333333333333",
            ]
          }
          y={
            [
              "190",
            ]
          }
        >
          <RNSVGTSpan
            content="February"
            dx={[]}
            dy={[]}
            font={{}}
            rotate={[]}
            x={[]}
            y={[]}
          />
        </RNSVGText>
      </RNSVGGroup>
      <RNSVGGroup>
        <RNSVGRect
          fill={
            {
              "brushRef": "fillShadowGradientFrom",
              "type": 1,
            }
          }
          height="30"
          propList={
            [
              "fill",
            ]
          }
          rx="0"
          width="16"
          x="72"
          y="136"
        />
        <RNSVGRect
          fill={
            {
              "brushRef": "fillShadowGradientFrom",
              "type": 1,
            }
          }
          height="150"
          propList={
            [
              "fill",
            ]
          }
          rx="0"
          width="16"
          x="250.66666666666666"
          y="16"
        />
        <RNSVGRect
          fill={
            {
              "brushRef": "fillShadowGradientFrom",
              "type": 1,
            }
          }
          height="30"
          propList={
            [
              "fill",
            ]
          }
          rx="0"
          width="16"
          x="429.3333333333333"
          y="136"
        />
      </RNSVGGroup>
      <RNSVGGroup />
      <RNSVGGroup>
        <RNSVGRect
          fill={
            {
              "payload": 2567344847,
              "type": 0,
            }
          }
          height="2"
          propList={
            [
              "fill",
            ]
          }
          width="16"
          x="72"
          y="136"
        />
        <RNSVGRect
          fill={
            {
              "payload": 2567344847,
              "type": 0,
            }
          }
          height="2"
          propList={
            [
              "fill",
            ]
          }
          width="16"
          x="250.66666666666666"
          y="16"
        />
        <RNSVGRect
          fill={
            {
              "payload": 2567344847,
              "type": 0,
            }
          }
          height="2"
          propList={
            [
              "fill",
            ]
          }
          width="16"
          x="429.3333333333333"
          y="136"
        />
      </RNSVGGroup>
    </RNSVGGroup>
  </RNSVGSvgView>
</View>
`;

exports[`<BankBarChart /> snapshot test 1`] = `
<View
  style={{}}
>
  <RNSVGSvgView
    bbHeight="200"
    bbWidth="600"
    focusable={false}
    height={200}
    style={
      [
        {
          "backgroundColor": "transparent",
          "borderWidth": 0,
        },
        {
          "flex": 0,
          "height": 200,
          "width": 600,
        },
      ]
    }
    width={600}
  >
    <RNSVGGroup>
      <RNSVGDefs>
        <RNSVGLinearGradient
          gradient={
            [
              0,
              16777215,
              1,
              -2130706433,
            ]
          }
          gradientTransform={null}
          gradientUnits={1}
          name="backgroundGradient"
          x1="0"
          x2="600"
          y1="200"
          y2="0"
        />
        <RNSVGLinearGradient
          gradient={
            [
              0,
              437957897,
              1,
              437957897,
            ]
          }
          gradientTransform={null}
          gradientUnits={1}
          name="fillShadowGradientFrom"
          x1="0"
          x2="0"
          y1="0"
          y2="200"
        />
      </RNSVGDefs>
      <RNSVGDefs />
      <RNSVGRect
        fill={
          {
            "brushRef": "backgroundGradient",
            "type": 1,
          }
        }
        height="200"
        propList={
          [
            "fill",
          ]
        }
        rx="0"
        ry="0"
        width="100%"
        x="0"
        y="0"
      />
      <RNSVGGroup>
        <RNSVGLine
          propList={
            [
              "stroke",
              "strokeWidth",
              "strokeDasharray",
            ]
          }
          stroke={
            {
              "payload": 857388297,
              "type": 0,
            }
          }
          strokeDasharray={
            [
              "5",
              "10",
            ]
          }
          strokeWidth="1"
          x1="0"
          x2="600"
          y1="16"
          y2="16"
        />
        <RNSVGLine
          propList={
            [
              "stroke",
              "strokeWidth",
              "strokeDasharray",
            ]
          }
          stroke={
            {
              "payload": 857388297,
              "type": 0,
            }
          }
          strokeDasharray={
            [
              "5",
              "10",
            ]
          }
          strokeWidth="1"
          x1="0"
          x2="600"
          y1="53.5"
          y2="53.5"
        />
        <RNSVGLine
          propList={
            [
              "stroke",
              "strokeWidth",
              "strokeDasharray",
            ]
          }
          stroke={
            {
              "payload": 857388297,
              "type": 0,
            }
          }
          strokeDasharray={
            [
              "5",
              "10",
            ]
          }
          strokeWidth="1"
          x1="0"
          x2="600"
          y1="91"
          y2="91"
        />
        <RNSVGLine
          propList={
            [
              "stroke",
              "strokeWidth",
              "strokeDasharray",
            ]
          }
          stroke={
            {
              "payload": 857388297,
              "type": 0,
            }
          }
          strokeDasharray={
            [
              "5",
              "10",
            ]
          }
          strokeWidth="1"
          x1="0"
          x2="600"
          y1="128.5"
          y2="128.5"
        />
        <RNSVGLine
          propList={
            [
              "stroke",
              "strokeWidth",
              "strokeDasharray",
            ]
          }
          stroke={
            {
              "payload": 857388297,
              "type": 0,
            }
          }
          strokeDasharray={
            [
              "5",
              "10",
            ]
          }
          strokeWidth="1"
          x1="0"
          x2="600"
          y1="166"
          y2="166"
        />
      </RNSVGGroup>
      <RNSVGGroup>
        <RNSVGText
          content={null}
          dx={[]}
          dy={[]}
          fill={
            {
              "payload": 4278190080,
              "type": 0,
            }
          }
          font={
            {
              "fontSize": "12",
              "textAnchor": "end",
            }
          }
          matrix={
            [
              1,
              0,
              -0,
              1,
              0,
              0,
            ]
          }
          propList={
            [
              "fill",
            ]
          }
          rotate={[]}
          x={
            [
              "52",
            ]
          }
          y={
            [
              "166",
            ]
          }
        >
          <RNSVGTSpan
            content="£0.00"
            dx={[]}
            dy={[]}
            font={{}}
            rotate={[]}
            x={[]}
            y={[]}
          />
        </RNSVGText>
        <RNSVGText
          content={null}
          dx={[]}
          dy={[]}
          fill={
            {
              "payload": 4278190080,
              "type": 0,
            }
          }
          font={
            {
              "fontSize": "12",
              "textAnchor": "end",
            }
          }
          matrix={
            [
              1,
              0,
              -0,
              1,
              0,
              0,
            ]
          }
          propList={
            [
              "fill",
            ]
          }
          rotate={[]}
          x={
            [
              "52",
            ]
          }
          y={
            [
              "128.5",
            ]
          }
        >
          <RNSVGTSpan
            content="£62.50"
            dx={[]}
            dy={[]}
            font={{}}
            rotate={[]}
            x={[]}
            y={[]}
          />
        </RNSVGText>
        <RNSVGText
          content={null}
          dx={[]}
          dy={[]}
          fill={
            {
              "payload": 4278190080,
              "type": 0,
            }
          }
          font={
            {
              "fontSize": "12",
              "textAnchor": "end",
            }
          }
          matrix={
            [
              1,
              0,
              -0,
              1,
              0,
              0,
            ]
          }
          propList={
            [
              "fill",
            ]
          }
          rotate={[]}
          x={
            [
              "52",
            ]
          }
          y={
            [
              "91",
            ]
          }
        >
          <RNSVGTSpan
            content="£125.00"
            dx={[]}
            dy={[]}
            font={{}}
            rotate={[]}
            x={[]}
            y={[]}
          />
        </RNSVGText>
        <RNSVGText
          content={null}
          dx={[]}
          dy={[]}
          fill={
            {
              "payload": 4278190080,
              "type": 0,
            }
          }
          font={
            {
              "fontSize": "12",
              "textAnchor": "end",
            }
          }
          matrix={
            [
              1,
              0,
              -0,
              1,
              0,
              0,
            ]
          }
          propList={
            [
              "fill",
            ]
          }
          rotate={[]}
          x={
            [
              "52",
            ]
          }
          y={
            [
              "53.5",
            ]
          }
        >
          <RNSVGTSpan
            content="£187.50"
            dx={[]}
            dy={[]}
            font={{}}
            rotate={[]}
            x={[]}
            y={[]}
          />
        </RNSVGText>
        <RNSVGText
          content={null}
          dx={[]}
          dy={[]}
          fill={
            {
              "payload": 4278190080,
              "type": 0,
            }
          }
          font={
            {
              "fontSize": "12",
              "textAnchor": "end",
            }
          }
          matrix={
            [
              1,
              0,
              -0,
              1,
              0,
              0,
            ]
          }
          propList={
            [
              "fill",
            ]
          }
          rotate={[]}
          x={
            [
              "52",
            ]
          }
          y={
            [
              "16",
            ]
          }
        >
          <RNSVGTSpan
            content="£250.00"
            dx={[]}
            dy={[]}
            font={{}}
            rotate={[]}
            x={[]}
            y={[]}
          />
        </RNSVGText>
      </RNSVGGroup>
      <RNSVGGroup>
        <RNSVGText
          content={null}
          dx={[]}
          dy={[]}
          fill={
            {
              "payload": 4278190080,
              "type": 0,
            }
          }
          font={
            {
              "fontSize": "12",
              "textAnchor": "middle",
            }
          }
          matrix={
            [
              1,
              0,
              -0,
              1,
              0,
              0,
            ]
          }
          propList={
            [
              "fill",
            ]
          }
          rotate={[]}
          x={
            [
              "80",
            ]
          }
          y={
            [
              "190",
            ]
          }
        >
          <RNSVGTSpan
            content="December"
            dx={[]}
            dy={[]}
            font={{}}
            rotate={[]}
            x={[]}
            y={[]}
          />
        </RNSVGText>
        <RNSVGText
          content={null}
          dx={[]}
          dy={[]}
          fill={
            {
              "payload": 4278190080,
              "type": 0,
            }
          }
          font={
            {
              "fontSize": "12",
              "textAnchor": "middle",
            }
          }
          matrix={
            [
              1,
              0,
              -0,
              1,
              0,
              0,
            ]
          }
          propList={
            [
              "fill",
            ]
          }
          rotate={[]}
          x={
            [
              "258.66666666666663",
            ]
          }
          y={
            [
              "190",
            ]
          }
        >
          <RNSVGTSpan
            content="January"
            dx={[]}
            dy={[]}
            font={{}}
            rotate={[]}
            x={[]}
            y={[]}
          />
        </RNSVGText>
        <RNSVGText
          content={null}
          dx={[]}
          dy={[]}
          fill={
            {
              "payload": 4278190080,
              "type": 0,
            }
          }
          font={
            {
              "fontSize": "12",
              "textAnchor": "middle",
            }
          }
          matrix={
            [
              1,
              0,
              -0,
              1,
              0,
              0,
            ]
          }
          propList={
            [
              "fill",
            ]
          }
          rotate={[]}
          x={
            [
              "437.3333333333333",
            ]
          }
          y={
            [
              "190",
            ]
          }
        >
          <RNSVGTSpan
            content="February"
            dx={[]}
            dy={[]}
            font={{}}
            rotate={[]}
            x={[]}
            y={[]}
          />
        </RNSVGText>
      </RNSVGGroup>
      <RNSVGGroup>
        <RNSVGRect
          fill={
            {
              "brushRef": "fillShadowGradientFrom",
              "type": 1,
            }
          }
          height="30"
          propList={
            [
              "fill",
            ]
          }
          rx="0"
          width="16"
          x="72"
          y="136"
        />
        <RNSVGRect
          fill={
            {
              "brushRef": "fillShadowGradientFrom",
              "type": 1,
            }
          }
          height="150"
          propList={
            [
              "fill",
            ]
          }
          rx="0"
          width="16"
          x="250.66666666666666"
          y="16"
        />
        <RNSVGRect
          fill={
            {
              "brushRef": "fillShadowGradientFrom",
              "type": 1,
            }
          }
          height="30"
          propList={
            [
              "fill",
            ]
          }
          rx="0"
          width="16"
          x="429.3333333333333"
          y="136"
        />
      </RNSVGGroup>
      <RNSVGGroup />
      <RNSVGGroup>
        <RNSVGRect
          fill={
            {
              "payload": 2568664329,
              "type": 0,
            }
          }
          height="2"
          propList={
            [
              "fill",
            ]
          }
          width="16"
          x="72"
          y="136"
        />
        <RNSVGRect
          fill={
            {
              "payload": 2568664329,
              "type": 0,
            }
          }
          height="2"
          propList={
            [
              "fill",
            ]
          }
          width="16"
          x="250.66666666666666"
          y="16"
        />
        <RNSVGRect
          fill={
            {
              "payload": 2568664329,
              "type": 0,
            }
          }
          height="2"
          propList={
            [
              "fill",
            ]
          }
          width="16"
          x="429.3333333333333"
          y="136"
        />
      </RNSVGGroup>
    </RNSVGGroup>
  </RNSVGSvgView>
</View>
`;
